BL51 BANKED LINKER/LOCATER V6.22.2.0                                                    12/30/2022  15:33:17  PAGE 1


BL51 BANKED LINKER/LOCATER V6.22.2.0, INVOKED BY:
D:\KEIL\C51\BIN\BL51.EXE .\Objects\STARTUP.obj, .\Objects\digiclk.obj TO .\Objects\digitalclock PRINT (.\Listings\digita
>> lclock.m51)


INPUT MODULES INCLUDED:
  .\Objects\STARTUP.obj (?C_STARTUP)
  .\Objects\digiclk.obj (DIGICLK)


LINK MAP OF MODULE:  .\Objects\digitalclock (?C_STARTUP)


            TYPE    BASE      LENGTH    RELOCATION   SEGMENT NAME
            -----------------------------------------------------

            * * * * * * *   D A T A   M E M O R Y   * * * * * * *
            REG     0000H     0008H     ABSOLUTE     "REG BANK 0"
            IDATA   0008H     0001H     UNIT         ?STACK

            * * * * * * *   C O D E   M E M O R Y   * * * * * * *
            CODE    0000H     0003H     ABSOLUTE     
* OVERLAP * CODE    0000H     030AH     ABSOLUTE     
                    030AH     04F6H                  *** GAP ***
            CODE    0800H     000CH     UNIT         ?C_C51STARTUP



UNRESOLVED EXTERNAL SYMBOLS:
   ?C_START



SYMBOL TABLE OF MODULE:  .\Objects\digitalclock (?C_STARTUP)

  VALUE           TYPE          NAME
  ----------------------------------

  -------         MODULE        ?C_STARTUP
  C:0800H         SEGMENT       ?C_C51STARTUP
  I:0008H         SEGMENT       ?STACK
  C:0000H         PUBLIC        ?C_STARTUP
  D:00E0H         SYMBOL        ACC
  D:00F0H         SYMBOL        B
  D:0083H         SYMBOL        DPH
  D:0082H         SYMBOL        DPL
  N:0000H         SYMBOL        IBPSTACK
  N:0100H         SYMBOL        IBPSTACKTOP
  N:0080H         SYMBOL        IDATALEN
  C:0803H         SYMBOL        IDATALOOP
  N:0000H         SYMBOL        PBPSTACK
  N:0100H         SYMBOL        PBPSTACKTOP
  N:0000H         SYMBOL        PDATALEN
  N:0000H         SYMBOL        PDATASTART
  N:0000H         SYMBOL        PPAGE
  N:0000H         SYMBOL        PPAGEENABLE
  D:00A0H         SYMBOL        PPAGE_SFR
  D:0081H         SYMBOL        SP
BL51 BANKED LINKER/LOCATER V6.22.2.0                                                  12/30/2022  15:33:17  PAGE 2


  C:0800H         SYMBOL        STARTUP1
  N:0000H         SYMBOL        XBPSTACK
  N:0000H         SYMBOL        XBPSTACKTOP
  N:0000H         SYMBOL        XDATALEN
  N:0000H         SYMBOL        XDATASTART
  C:0000H         LINE#         126
  C:0800H         LINE#         133
  C:0802H         LINE#         134
  C:0803H         LINE#         135
  C:0804H         LINE#         136
  C:0806H         LINE#         185
  C:0809H         LINE#         196
  -------         ENDMOD        ?C_STARTUP

  -------         MODULE        DIGICLK
  C:00CFH         SYMBOL        AGAIN1
  C:00CDH         SYMBOL        AGAIN2
  C:0053H         SYMBOL        BACK
  C:00C9H         SYMBOL        DELAY
  C:0050H         SYMBOL        DISPLAY
  C:0030H         SYMBOL        MAIN
  C:0300H         SYMBOL        MYDATA
  D:0090H         SYMBOL        P1
  D:00A0H         SYMBOL        P2
  C:0072H         SYMBOL        PART
  C:0082H         SYMBOL        PART1
  D:00D0H         SYMBOL        PSW
  C:008AH         SYMBOL        REPEAT
  C:007AH         SYMBOL        SCREENSHOT
  C:0088H         SYMBOL        SHOW
  C:0033H         SYMBOL        START
  C:0000H         LINE#         3
  C:0030H         LINE#         6
  C:0033H         LINE#         8
  C:0035H         LINE#         9
  C:0037H         LINE#         10
  C:0039H         LINE#         11
  C:003BH         LINE#         12
  C:003DH         LINE#         13
  C:003FH         LINE#         15
  C:0042H         LINE#         16
  C:0044H         LINE#         17
  C:0046H         LINE#         18
  C:0048H         LINE#         19
  C:004AH         LINE#         20
  C:004CH         LINE#         21
  C:004EH         LINE#         22
  C:0050H         LINE#         26
  C:0051H         LINE#         27
  C:0053H         LINE#         29
  C:0054H         LINE#         30
  C:0057H         LINE#         31
  C:0059H         LINE#         32
  C:005AH         LINE#         33
  C:005DH         LINE#         34
  C:005FH         LINE#         35
  C:0060H         LINE#         36
BL51 BANKED LINKER/LOCATER V6.22.2.0                                                  12/30/2022  15:33:17  PAGE 3


  C:0063H         LINE#         37
  C:0065H         LINE#         38
  C:0066H         LINE#         39
  C:0069H         LINE#         40
  C:006BH         LINE#         41
  C:006CH         LINE#         42
  C:006EH         LINE#         43
  C:0070H         LINE#         44
  C:0072H         LINE#         47
  C:0073H         LINE#         48
  C:0076H         LINE#         49
  C:0078H         LINE#         50
  C:007AH         LINE#         53
  C:007BH         LINE#         54
  C:007EH         LINE#         55
  C:0080H         LINE#         56
  C:0082H         LINE#         59
  C:0083H         LINE#         60
  C:0086H         LINE#         61
  C:0088H         LINE#         64
  C:008AH         LINE#         66
  C:008BH         LINE#         67
  C:008CH         LINE#         68
  C:008EH         LINE#         69
  C:0090H         LINE#         70
  C:0092H         LINE#         71
  C:0094H         LINE#         72
  C:0095H         LINE#         73
  C:0096H         LINE#         74
  C:0098H         LINE#         75
  C:009AH         LINE#         76
  C:009CH         LINE#         77
  C:009EH         LINE#         78
  C:009FH         LINE#         79
  C:00A0H         LINE#         80
  C:00A2H         LINE#         81
  C:00A4H         LINE#         82
  C:00A6H         LINE#         83
  C:00A8H         LINE#         84
  C:00A9H         LINE#         85
  C:00AAH         LINE#         86
  C:00ACH         LINE#         87
  C:00AEH         LINE#         88
  C:00B0H         LINE#         89
  C:00B2H         LINE#         90
  C:00B3H         LINE#         91
  C:00B4H         LINE#         92
  C:00B6H         LINE#         93
  C:00B8H         LINE#         94
  C:00BAH         LINE#         95
  C:00BCH         LINE#         96
  C:00BDH         LINE#         97
  C:00BEH         LINE#         98
  C:00C0H         LINE#         99
  C:00C2H         LINE#         100
  C:00C4H         LINE#         101
  C:00C6H         LINE#         102
BL51 BANKED LINKER/LOCATER V6.22.2.0                                                  12/30/2022  15:33:17  PAGE 4


  C:00C8H         LINE#         103
  C:00C9H         LINE#         106
  C:00CBH         LINE#         107
  C:00CDH         LINE#         108
  C:00CFH         LINE#         109
  C:00D1H         LINE#         110
  C:00D3H         LINE#         111
  C:00D5H         LINE#         112
  -------         ENDMOD        DIGICLK

*** WARNING L5: CODE SPACE MEMORY OVERLAP
    FROM:    0000H
    TO:      0002H

*** WARNING L1: UNRESOLVED EXTERNAL SYMBOL
    SYMBOL:  ?C_START
    MODULE:  .\Objects\STARTUP.obj (?C_STARTUP)

*** WARNING L2: REFERENCE MADE TO UNRESOLVED EXTERNAL
    SYMBOL:  ?C_START
    MODULE:  .\Objects\STARTUP.obj (?C_STARTUP)
    ADDRESS: 080AH

******************************************************************************
* RESTRICTED VERSION WITH 0800H BYTE CODE SIZE LIMIT; USED: 00C2H BYTE ( 9%) *
******************************************************************************

Program Size: data=9.0 xdata=0 code=793
LINK/LOCATE RUN COMPLETE.  3 WARNING(S),  0 ERROR(S)
